2026-09-01 22:36:21,687 - INFO - info_logger - User ID: None - GET / Status: 200 Time: 0.1108s
2026-09-01 22:36:25,742 - INFO - info_logger - User ID: None - GET /docs Status: 200 Time: 0.0032s
2026-09-01 22:36:26,596 - INFO - info_logger - User ID: None - GET /openapi.json Status: 200 Time: 0.1657s
2026-09-01 22:40:23,751 - INFO - info_logger - User ID: 5 - User registered successfully - Username: syamala
2026-09-01 22:40:23,781 - INFO - info_logger - User ID: None - POST /register Status: 200 Time: 0.6351s
2026-09-01 22:46:51,609 - INFO - info_logger - User ID: None - GET / Status: 200 Time: 0.0782s
2026-09-01 22:46:57,528 - INFO - info_logger - User ID: None - GET /docs Status: 200 Time: 0.0008s
2026-09-01 22:46:57,735 - INFO - info_logger - User ID: None - GET /openapi.json Status: 200 Time: 0.1149s
2026-09-01 22:51:52,548 - INFO - info_logger - User ID: None - GET / Status: 200 Time: 0.0445s
2026-09-01 22:51:59,335 - INFO - info_logger - User ID: None - GET /docs Status: 200 Time: 0.0012s
2026-09-01 22:51:59,533 - INFO - info_logger - User ID: None - GET /openapi.json Status: 200 Time: 0.1199s
2026-09-01 22:52:27,290 - INFO - info_logger - User ID: 5 - Forgot password OTP sent
2026-09-01 22:52:27,292 - INFO - info_logger - User ID: None - POST /forgot-password Status: 200 Time: 6.0599s
2026-09-01 22:57:37,998 - INFO - info_logger - User ID: None - GET / Status: 200 Time: 0.1180s
2026-09-01 22:57:51,513 - INFO - info_logger - User ID: None - GET /docs Status: 200 Time: 0.0007s
2026-09-01 22:57:51,745 - INFO - info_logger - User ID: None - GET /openapi.json Status: 200 Time: 0.1135s
2026-09-01 22:58:23,610 - INFO - info_logger - User ID: 5 - Forgot password OTP sent
2026-09-01 22:58:23,612 - INFO - info_logger - User ID: None - POST /forgot-password Status: 200 Time: 10.8656s
2026-09-01 22:58:57,542 - INFO - info_logger - User ID: 5 - OTP verified successfully
2026-09-01 22:58:57,543 - INFO - info_logger - User ID: None - POST /verify-otp Status: 200 Time: 0.0189s
